2026-05-20 21:20:08,596 - aqt.main - INFO - installer 139928905554816 aqtinstall(aqt) v3.1.21 on Python 3.12.13 [CPython GCC 13.3.0]
2026-05-20 21:20:08,873 - aqt.main - INFO - installer 139883251940224 aqtinstall(aqt) v3.1.21 on Python 3.12.13 [CPython GCC 13.3.0]
2026-05-20 21:20:08,873 - aqt.helper - DEBUG - helper 139883251940224 Attempt to download checksum at https://download.qt.io/online/qtsdkrepository/linux_x64/desktop/qt6_683/qt6_683/Updates.xml.sha256
2026-05-20 21:20:10,078 - aqt.helper - DEBUG - helper 139883251940224 Attempt to download checksum at https://download.qt.io/online/qtsdkrepository/linux_x64/extensions/qtwebengine/683/x86_64/Updates.xml.sha256
2026-05-20 21:20:11,227 - aqt.archives - INFO - archives 139883251940224 Found extension qtwebengine
2026-05-20 21:20:11,227 - aqt.helper - DEBUG - helper 139883251940224 Attempt to download checksum at https://download.qt.io/online/qtsdkrepository/linux_x64/extensions/qtpdf/683/x86_64/Updates.xml.sha256
2026-05-20 21:20:12,413 - aqt.archives - INFO - archives 139883251940224 Found extension qtpdf
2026-05-20 21:20:12,967 - aqt.helper - DEBUG - helper 140690092284800 Attempt to download checksum at https://download.qt.io/online/qtsdkrepository/linux_x64/desktop/qt6_683/qt6_683/qt.qt6.683.linux_gcc_64/6.8.3-0-202503201345qtbase-Linux-RHEL_8_10-GCC-Linux-RHEL_8_10-X86_64.7z.sha256
2026-05-20 21:20:12,967 - aqt.helper - DEBUG - helper 140687344733056 Attempt to download checksum at https://download.qt.io/online/qtsdkrepository/linux_x64/desktop/qt6_683/qt6_683/qt.qt6.683.linux_gcc_64/6.8.3-0-202503201345qtsvg-Linux-RHEL_8_10-GCC-Linux-RHEL_8_10-X86_64.7z.sha256
2026-05-20 21:20:12,975 - aqt.helper - DEBUG - helper 139704350747520 Attempt to download checksum at https://download.qt.io/online/qtsdkrepository/linux_x64/desktop/qt6_683/qt6_683/qt.qt6.683.linux_gcc_64/6.8.3-0-202503201345qtdeclarative-Linux-RHEL_8_10-GCC-Linux-RHEL_8_10-X86_64.7z.sha256
2026-05-20 21:20:12,975 - aqt.helper - DEBUG - helper 140713183406976 Attempt to download checksum at https://download.qt.io/online/qtsdkrepository/linux_x64/desktop/qt6_683/qt6_683/qt.qt6.683.linux_gcc_64/6.8.3-0-202503201345qttools-Linux-RHEL_8_10-GCC-Linux-RHEL_8_10-X86_64.7z.sha256
2026-05-20 21:20:13,571 - aqt.helper - INFO - helper 139704350747520 Downloading qtdeclarative...
2026-05-20 21:20:13,572 - aqt.helper - INFO - helper 140713183406976 Downloading qttools...
2026-05-20 21:20:13,572 - aqt.helper - INFO - helper 140690092284800 Downloading qtbase...
2026-05-20 21:20:13,571 - aqt.installer - DEBUG - installer 139704350747520 Download URL: https://download.qt.io/online/qtsdkrepository/linux_x64/desktop/qt6_683/qt6_683/qt.qt6.683.linux_gcc_64/6.8.3-0-202503201345qtdeclarative-Linux-RHEL_8_10-GCC-Linux-RHEL_8_10-X86_64.7z
2026-05-20 21:20:13,572 - aqt.installer - DEBUG - installer 140713183406976 Download URL: https://download.qt.io/online/qtsdkrepository/linux_x64/desktop/qt6_683/qt6_683/qt.qt6.683.linux_gcc_64/6.8.3-0-202503201345qttools-Linux-RHEL_8_10-GCC-Linux-RHEL_8_10-X86_64.7z
2026-05-20 21:20:13,572 - aqt.installer - DEBUG - installer 140690092284800 Download URL: https://download.qt.io/online/qtsdkrepository/linux_x64/desktop/qt6_683/qt6_683/qt.qt6.683.linux_gcc_64/6.8.3-0-202503201345qtbase-Linux-RHEL_8_10-GCC-Linux-RHEL_8_10-X86_64.7z
2026-05-20 21:20:13,620 - aqt.helper - INFO - helper 140687344733056 Downloading qtsvg...
2026-05-20 21:20:13,620 - aqt.installer - DEBUG - installer 140687344733056 Download URL: https://download.qt.io/online/qtsdkrepository/linux_x64/desktop/qt6_683/qt6_683/qt.qt6.683.linux_gcc_64/6.8.3-0-202503201345qtsvg-Linux-RHEL_8_10-GCC-Linux-RHEL_8_10-X86_64.7z
2026-05-20 21:20:14,150 - aqt.helper - DEBUG - helper 139704350747520 Asked to redirect(302) to: https://ftp.fau.de/qtproject/online/qtsdkrepository/linux_x64/desktop/qt6_683/qt6_683/qt.qt6.683.linux_gcc_64/6.8.3-0-202503201345qtdeclarative-Linux-RHEL_8_10-GCC-Linux-RHEL_8_10-X86_64.7z
2026-05-20 21:20:14,150 - aqt.helper - INFO - helper 139704350747520 Redirected: ftp.fau.de
2026-05-20 21:20:14,163 - aqt.helper - DEBUG - helper 140690092284800 Asked to redirect(302) to: https://ftp.fau.de/qtproject/online/qtsdkrepository/linux_x64/desktop/qt6_683/qt6_683/qt.qt6.683.linux_gcc_64/6.8.3-0-202503201345qtbase-Linux-RHEL_8_10-GCC-Linux-RHEL_8_10-X86_64.7z
2026-05-20 21:20:14,163 - aqt.helper - INFO - helper 140690092284800 Redirected: ftp.fau.de
2026-05-20 21:20:14,190 - aqt.helper - DEBUG - helper 140713183406976 Asked to redirect(302) to: https://ftp.fau.de/qtproject/online/qtsdkrepository/linux_x64/desktop/qt6_683/qt6_683/qt.qt6.683.linux_gcc_64/6.8.3-0-202503201345qttools-Linux-RHEL_8_10-GCC-Linux-RHEL_8_10-X86_64.7z
2026-05-20 21:20:14,191 - aqt.helper - INFO - helper 140713183406976 Redirected: ftp.fau.de
2026-05-20 21:20:14,229 - aqt.helper - DEBUG - helper 140687344733056 Asked to redirect(302) to: https://ftp.fau.de/qtproject/online/qtsdkrepository/linux_x64/desktop/qt6_683/qt6_683/qt.qt6.683.linux_gcc_64/6.8.3-0-202503201345qtsvg-Linux-RHEL_8_10-GCC-Linux-RHEL_8_10-X86_64.7z
2026-05-20 21:20:14,229 - aqt.helper - INFO - helper 140687344733056 Redirected: ftp.fau.de
2026-05-20 21:20:15,124 - aqt.installer - INFO - installer 140687344733056 Finished installation of qtsvg-Linux-RHEL_8_10-GCC-Linux-RHEL_8_10-X86_64.7z in 2.15925814
2026-05-20 21:20:15,136 - aqt.helper - DEBUG - helper 140687344733056 Attempt to download checksum at https://download.qt.io/online/qtsdkrepository/linux_x64/desktop/qt6_683/qt6_683/qt.qt6.683.linux_gcc_64/6.8.3-0-202503201345qttranslations-Linux-RHEL_8_10-GCC-Linux-RHEL_8_10-X86_64.7z.sha256
2026-05-20 21:20:15,728 - aqt.helper - INFO - helper 140687344733056 Downloading qttranslations...
2026-05-20 21:20:15,729 - aqt.installer - DEBUG - installer 140687344733056 Download URL: https://download.qt.io/online/qtsdkrepository/linux_x64/desktop/qt6_683/qt6_683/qt.qt6.683.linux_gcc_64/6.8.3-0-202503201345qttranslations-Linux-RHEL_8_10-GCC-Linux-RHEL_8_10-X86_64.7z
2026-05-20 21:20:16,330 - aqt.helper - DEBUG - helper 140687344733056 Asked to redirect(302) to: https://ftp.fau.de/qtproject/online/qtsdkrepository/linux_x64/desktop/qt6_683/qt6_683/qt.qt6.683.linux_gcc_64/6.8.3-0-202503201345qttranslations-Linux-RHEL_8_10-GCC-Linux-RHEL_8_10-X86_64.7z
2026-05-20 21:20:16,330 - aqt.helper - INFO - helper 140687344733056 Redirected: ftp.fau.de
2026-05-20 21:20:18,072 - aqt.installer - INFO - installer 140687344733056 Finished installation of qttranslations-Linux-RHEL_8_10-GCC-Linux-RHEL_8_10-X86_64.7z in 2.93726353
2026-05-20 21:20:18,085 - aqt.helper - DEBUG - helper 140687344733056 Attempt to download checksum at https://download.qt.io/online/qtsdkrepository/linux_x64/desktop/qt6_683/qt6_683/qt.qt6.683.linux_gcc_64/6.8.3-0-202503201345qtwayland-Linux-RHEL_8_10-GCC-Linux-RHEL_8_10-X86_64.7z.sha256
2026-05-20 21:20:18,673 - aqt.helper - INFO - helper 140687344733056 Downloading qtwayland...
2026-05-20 21:20:18,673 - aqt.installer - DEBUG - installer 140687344733056 Download URL: https://download.qt.io/online/qtsdkrepository/linux_x64/desktop/qt6_683/qt6_683/qt.qt6.683.linux_gcc_64/6.8.3-0-202503201345qtwayland-Linux-RHEL_8_10-GCC-Linux-RHEL_8_10-X86_64.7z
2026-05-20 21:20:19,262 - aqt.helper - DEBUG - helper 140687344733056 Asked to redirect(302) to: https://ftp.fau.de/qtproject/online/qtsdkrepository/linux_x64/desktop/qt6_683/qt6_683/qt.qt6.683.linux_gcc_64/6.8.3-0-202503201345qtwayland-Linux-RHEL_8_10-GCC-Linux-RHEL_8_10-X86_64.7z
2026-05-20 21:20:19,262 - aqt.helper - INFO - helper 140687344733056 Redirected: ftp.fau.de
2026-05-20 21:20:20,047 - aqt.installer - INFO - installer 140690092284800 Finished installation of qtbase-Linux-RHEL_8_10-GCC-Linux-RHEL_8_10-X86_64.7z in 7.08239894
2026-05-20 21:20:20,063 - aqt.helper - DEBUG - helper 140690092284800 Attempt to download checksum at https://download.qt.io/online/qtsdkrepository/linux_x64/desktop/qt6_683/qt6_683/qt.qt6.683.linux_gcc_64/6.8.3-0-202503201345icu-linux-Rhel8.6-x86_64.7z.sha256
2026-05-20 21:20:20,655 - aqt.installer - INFO - installer 140687344733056 Finished installation of qtwayland-Linux-RHEL_8_10-GCC-Linux-RHEL_8_10-X86_64.7z in 2.57131713
2026-05-20 21:20:20,662 - aqt.helper - INFO - helper 140690092284800 Downloading icu...
2026-05-20 21:20:20,663 - aqt.installer - DEBUG - installer 140690092284800 Download URL: https://download.qt.io/online/qtsdkrepository/linux_x64/desktop/qt6_683/qt6_683/qt.qt6.683.linux_gcc_64/6.8.3-0-202503201345icu-linux-Rhel8.6-x86_64.7z
2026-05-20 21:20:20,779 - aqt.installer - INFO - installer 140713183406976 Finished installation of qttools-Linux-RHEL_8_10-GCC-Linux-RHEL_8_10-X86_64.7z in 7.80492382
2026-05-20 21:20:21,251 - aqt.helper - DEBUG - helper 140690092284800 Asked to redirect(302) to: https://ftp.fau.de/qtproject/online/qtsdkrepository/linux_x64/desktop/qt6_683/qt6_683/qt.qt6.683.linux_gcc_64/6.8.3-0-202503201345icu-linux-Rhel8.6-x86_64.7z
2026-05-20 21:20:21,251 - aqt.helper - INFO - helper 140690092284800 Redirected: ftp.fau.de
2026-05-20 21:20:24,233 - aqt.installer - INFO - installer 140690092284800 Finished installation of icu-linux-Rhel8.6-x86_64.7z in 4.17087840
2026-05-20 21:20:31,291 - aqt.installer - INFO - installer 139704350747520 Finished installation of qtdeclarative-Linux-RHEL_8_10-GCC-Linux-RHEL_8_10-X86_64.7z in 18.31780599
2026-05-20 21:20:31,380 - aqt.updater - INFO - updater 139883251940224 Patching /home/runner/work/aide/Qt/6.8.3/gcc_64/bin/qmake
2026-05-20 21:20:31,384 - aqt.updater - INFO - updater 139883251940224 Patching /home/runner/work/aide/Qt/6.8.3/gcc_64/lib/pkgconfig/Qt6Svg.pc
2026-05-20 21:20:31,385 - aqt.updater - INFO - updater 139883251940224 Patching /home/runner/work/aide/Qt/6.8.3/gcc_64/lib/pkgconfig/Qt6QuickLayouts.pc
2026-05-20 21:20:31,385 - aqt.updater - INFO - updater 139883251940224 Patching /home/runner/work/aide/Qt/6.8.3/gcc_64/lib/pkgconfig/Qt6QuickWidgets.pc
2026-05-20 21:20:31,385 - aqt.updater - INFO - updater 139883251940224 Patching /home/runner/work/aide/Qt/6.8.3/gcc_64/lib/pkgconfig/Qt6Linguist.pc
2026-05-20 21:20:31,385 - aqt.updater - INFO - updater 139883251940224 Patching /home/runner/work/aide/Qt/6.8.3/gcc_64/lib/pkgconfig/Qt6Qml.pc
2026-05-20 21:20:31,385 - aqt.updater - INFO - updater 139883251940224 Patching /home/runner/work/aide/Qt/6.8.3/gcc_64/lib/pkgconfig/Qt6LabsQmlModels.pc
2026-05-20 21:20:31,385 - aqt.updater - INFO - updater 139883251940224 Patching /home/runner/work/aide/Qt/6.8.3/gcc_64/lib/pkgconfig/Qt6Network.pc
2026-05-20 21:20:31,386 - aqt.updater - INFO - updater 139883251940224 Patching /home/runner/work/aide/Qt/6.8.3/gcc_64/lib/pkgconfig/Qt6PrintSupport.pc
2026-05-20 21:20:31,386 - aqt.updater - INFO - updater 139883251940224 Patching /home/runner/work/aide/Qt/6.8.3/gcc_64/lib/pkgconfig/Qt6OpenGL.pc
2026-05-20 21:20:31,386 - aqt.updater - INFO - updater 139883251940224 Patching /home/runner/work/aide/Qt/6.8.3/gcc_64/lib/pkgconfig/Qt6Help.pc
2026-05-20 21:20:31,386 - aqt.updater - INFO - updater 139883251940224 Patching /home/runner/work/aide/Qt/6.8.3/gcc_64/lib/pkgconfig/Qt6LabsSharedImage.pc
2026-05-20 21:20:31,386 - aqt.updater - INFO - updater 139883251940224 Patching /home/runner/work/aide/Qt/6.8.3/gcc_64/lib/pkgconfig/Qt6QmlCompiler.pc
2026-05-20 21:20:31,386 - aqt.updater - INFO - updater 139883251940224 Patching /home/runner/work/aide/Qt/6.8.3/gcc_64/lib/pkgconfig/Qt6QuickControls2UniversalStyleImpl.pc
2026-05-20 21:20:31,387 - aqt.updater - INFO - updater 139883251940224 Patching /home/runner/work/aide/Qt/6.8.3/gcc_64/lib/pkgconfig/Qt6LabsFolderListModel.pc
2026-05-20 21:20:31,387 - aqt.updater - INFO - updater 139883251940224 Patching /home/runner/work/aide/Qt/6.8.3/gcc_64/lib/pkgconfig/Qt6QmlIntegration.pc
2026-05-20 21:20:31,387 - aqt.updater - INFO - updater 139883251940224 Patching /home/runner/work/aide/Qt/6.8.3/gcc_64/lib/pkgconfig/Qt6Quick.pc
2026-05-20 21:20:31,387 - aqt.updater - INFO - updater 139883251940224 Patching /home/runner/work/aide/Qt/6.8.3/gcc_64/lib/pkgconfig/Qt6QuickControls2FluentWinUI3StyleImpl.pc
2026-05-20 21:20:31,387 - aqt.updater - INFO - updater 139883251940224 Patching /home/runner/work/aide/Qt/6.8.3/gcc_64/lib/pkgconfig/Qt6UiPlugin.pc
2026-05-20 21:20:31,387 - aqt.updater - INFO - updater 139883251940224 Patching /home/runner/work/aide/Qt/6.8.3/gcc_64/lib/pkgconfig/Qt6QmlNetwork.pc
2026-05-20 21:20:31,388 - aqt.updater - INFO - updater 139883251940224 Patching /home/runner/work/aide/Qt/6.8.3/gcc_64/lib/pkgconfig/Qt6QuickControls2MaterialStyleImpl.pc
2026-05-20 21:20:31,388 - aqt.updater - INFO - updater 139883251940224 Patching /home/runner/work/aide/Qt/6.8.3/gcc_64/lib/pkgconfig/Qt6Concurrent.pc
2026-05-20 21:20:31,388 - aqt.updater - INFO - updater 139883251940224 Patching /home/runner/work/aide/Qt/6.8.3/gcc_64/lib/pkgconfig/Qt6QmlModels.pc
2026-05-20 21:20:31,388 - aqt.updater - INFO - updater 139883251940224 Patching /home/runner/work/aide/Qt/6.8.3/gcc_64/lib/pkgconfig/Qt6Platform.pc
2026-05-20 21:20:31,388 - aqt.updater - INFO - updater 139883251940224 Patching /home/runner/work/aide/Qt/6.8.3/gcc_64/lib/pkgconfig/Qt6QuickDialogs2Utils.pc
2026-05-20 21:20:31,388 - aqt.updater - INFO - updater 139883251940224 Patching /home/runner/work/aide/Qt/6.8.3/gcc_64/lib/pkgconfig/Qt6OpenGLWidgets.pc
2026-05-20 21:20:31,389 - aqt.updater - INFO - updater 139883251940224 Patching /home/runner/work/aide/Qt/6.8.3/gcc_64/lib/pkgconfig/Qt6DBus.pc
2026-05-20 21:20:31,389 - aqt.updater - INFO - updater 139883251940224 Patching /home/runner/work/aide/Qt/6.8.3/gcc_64/lib/pkgconfig/Qt6QuickControls2BasicStyleImpl.pc
2026-05-20 21:20:31,389 - aqt.updater - INFO - updater 139883251940224 Patching /home/runner/work/aide/Qt/6.8.3/gcc_64/lib/pkgconfig/Qt6Xml.pc
2026-05-20 21:20:31,389 - aqt.updater - INFO - updater 139883251940224 Patching /home/runner/work/aide/Qt/6.8.3/gcc_64/lib/pkgconfig/Qt6Gui.pc
2026-05-20 21:20:31,389 - aqt.updater - INFO - updater 139883251940224 Patching /home/runner/work/aide/Qt/6.8.3/gcc_64/lib/pkgconfig/Qt6QuickControls2Imagine.pc
2026-05-20 21:20:31,389 - aqt.updater - INFO - updater 139883251940224 Patching /home/runner/work/aide/Qt/6.8.3/gcc_64/lib/pkgconfig/Qt6QuickControls2Impl.pc
2026-05-20 21:20:31,390 - aqt.updater - INFO - updater 139883251940224 Patching /home/runner/work/aide/Qt/6.8.3/gcc_64/lib/pkgconfig/Qt6QuickControls2Universal.pc
2026-05-20 21:20:31,390 - aqt.updater - INFO - updater 139883251940224 Patching /home/runner/work/aide/Qt/6.8.3/gcc_64/lib/pkgconfig/Qt6QuickControls2Fusion.pc
2026-05-20 21:20:31,390 - aqt.updater - INFO - updater 139883251940224 Patching /home/runner/work/aide/Qt/6.8.3/gcc_64/lib/pkgconfig/Qt6QuickDialogs2.pc
2026-05-20 21:20:31,390 - aqt.updater - INFO - updater 139883251940224 Patching /home/runner/work/aide/Qt/6.8.3/gcc_64/lib/pkgconfig/Qt6Test.pc
2026-05-20 21:20:31,390 - aqt.updater - INFO - updater 139883251940224 Patching /home/runner/work/aide/Qt/6.8.3/gcc_64/lib/pkgconfig/Qt6Sql.pc
2026-05-20 21:20:31,390 - aqt.updater - INFO - updater 139883251940224 Patching /home/runner/work/aide/Qt/6.8.3/gcc_64/lib/pkgconfig/Qt6QuickControls2FusionStyleImpl.pc
2026-05-20 21:20:31,390 - aqt.updater - INFO - updater 139883251940224 Patching /home/runner/work/aide/Qt/6.8.3/gcc_64/lib/pkgconfig/Qt6SvgWidgets.pc
2026-05-20 21:20:31,391 - aqt.updater - INFO - updater 139883251940224 Patching /home/runner/work/aide/Qt/6.8.3/gcc_64/lib/pkgconfig/Qt6QuickVectorImage.pc
2026-05-20 21:20:31,391 - aqt.updater - INFO - updater 139883251940224 Patching /home/runner/work/aide/Qt/6.8.3/gcc_64/lib/pkgconfig/Qt6LabsSettings.pc
2026-05-20 21:20:31,391 - aqt.updater - INFO - updater 139883251940224 Patching /home/runner/work/aide/Qt/6.8.3/gcc_64/lib/pkgconfig/Qt6LabsPlatform.pc
2026-05-20 21:20:31,391 - aqt.updater - INFO - updater 139883251940224 Patching /home/runner/work/aide/Qt/6.8.3/gcc_64/lib/pkgconfig/Qt6Core.pc
2026-05-20 21:20:31,391 - aqt.updater - INFO - updater 139883251940224 Patching /home/runner/work/aide/Qt/6.8.3/gcc_64/lib/pkgconfig/Qt6QmlLocalStorage.pc
2026-05-20 21:20:31,391 - aqt.updater - INFO - updater 139883251940224 Patching /home/runner/work/aide/Qt/6.8.3/gcc_64/lib/pkgconfig/Qt6QuickTest.pc
2026-05-20 21:20:31,392 - aqt.updater - INFO - updater 139883251940224 Patching /home/runner/work/aide/Qt/6.8.3/gcc_64/lib/pkgconfig/Qt6QuickDialogs2QuickImpl.pc
2026-05-20 21:20:31,392 - aqt.updater - INFO - updater 139883251940224 Patching /home/runner/work/aide/Qt/6.8.3/gcc_64/lib/pkgconfig/Qt6QmlXmlListModel.pc
2026-05-20 21:20:31,392 - aqt.updater - INFO - updater 139883251940224 Patching /home/runner/work/aide/Qt/6.8.3/gcc_64/lib/pkgconfig/Qt6UiTools.pc
2026-05-20 21:20:31,392 - aqt.updater - INFO - updater 139883251940224 Patching /home/runner/work/aide/Qt/6.8.3/gcc_64/lib/pkgconfig/Qt6Designer.pc
2026-05-20 21:20:31,392 - aqt.updater - INFO - updater 139883251940224 Patching /home/runner/work/aide/Qt/6.8.3/gcc_64/lib/pkgconfig/Qt6QuickControls2ImagineStyleImpl.pc
2026-05-20 21:20:31,392 - aqt.updater - INFO - updater 139883251940224 Patching /home/runner/work/aide/Qt/6.8.3/gcc_64/lib/pkgconfig/Qt6QmlMeta.pc
2026-05-20 21:20:31,393 - aqt.updater - INFO - updater 139883251940224 Patching /home/runner/work/aide/Qt/6.8.3/gcc_64/lib/pkgconfig/Qt6Widgets.pc
2026-05-20 21:20:31,393 - aqt.updater - INFO - updater 139883251940224 Patching /home/runner/work/aide/Qt/6.8.3/gcc_64/lib/pkgconfig/Qt6QuickControls2Material.pc
2026-05-20 21:20:31,393 - aqt.updater - INFO - updater 139883251940224 Patching /home/runner/work/aide/Qt/6.8.3/gcc_64/lib/pkgconfig/Qt6QuickTemplates2.pc
2026-05-20 21:20:31,393 - aqt.updater - INFO - updater 139883251940224 Patching /home/runner/work/aide/Qt/6.8.3/gcc_64/lib/pkgconfig/Qt6LabsWavefrontMesh.pc
2026-05-20 21:20:31,393 - aqt.updater - INFO - updater 139883251940224 Patching /home/runner/work/aide/Qt/6.8.3/gcc_64/lib/pkgconfig/Qt6QuickControls2Basic.pc
2026-05-20 21:20:31,393 - aqt.updater - INFO - updater 139883251940224 Patching /home/runner/work/aide/Qt/6.8.3/gcc_64/lib/pkgconfig/Qt6QmlCore.pc
2026-05-20 21:20:31,393 - aqt.updater - INFO - updater 139883251940224 Patching /home/runner/work/aide/Qt/6.8.3/gcc_64/lib/pkgconfig/Qt6WaylandClient.pc
2026-05-20 21:20:31,394 - aqt.updater - INFO - updater 139883251940224 Patching /home/runner/work/aide/Qt/6.8.3/gcc_64/lib/pkgconfig/Qt6LabsAnimation.pc
2026-05-20 21:20:31,394 - aqt.updater - INFO - updater 139883251940224 Patching /home/runner/work/aide/Qt/6.8.3/gcc_64/lib/pkgconfig/Qt6QmlAssetDownloader.pc
2026-05-20 21:20:31,394 - aqt.updater - INFO - updater 139883251940224 Patching /home/runner/work/aide/Qt/6.8.3/gcc_64/lib/pkgconfig/Qt6QuickControls2.pc
2026-05-20 21:20:31,394 - aqt.updater - INFO - updater 139883251940224 Patching /home/runner/work/aide/Qt/6.8.3/gcc_64/lib/pkgconfig/Qt6QmlWorkerScript.pc
2026-05-20 21:20:31,395 - aqt.updater - INFO - updater 139883251940224 Patching /home/runner/work/aide/Qt/6.8.3/gcc_64/lib/libQt6OpenGL.prl
2026-05-20 21:20:31,395 - aqt.updater - INFO - updater 139883251940224 Patching /home/runner/work/aide/Qt/6.8.3/gcc_64/lib/libQt6QuickVectorImageGenerator.prl
2026-05-20 21:20:31,395 - aqt.updater - INFO - updater 139883251940224 Patching /home/runner/work/aide/Qt/6.8.3/gcc_64/lib/libQt6KmsSupport.prl
2026-05-20 21:20:31,396 - aqt.updater - INFO - updater 139883251940224 Patching /home/runner/work/aide/Qt/6.8.3/gcc_64/lib/libQt6QmlAssetDownloader.prl
2026-05-20 21:20:31,396 - aqt.updater - INFO - updater 139883251940224 Patching /home/runner/work/aide/Qt/6.8.3/gcc_64/lib/libQt6Xml.prl
2026-05-20 21:20:31,396 - aqt.updater - INFO - updater 139883251940224 Patching /home/runner/work/aide/Qt/6.8.3/gcc_64/lib/libQt6DesignerComponents.prl
2026-05-20 21:20:31,396 - aqt.updater - INFO - updater 139883251940224 Patching /home/runner/work/aide/Qt/6.8.3/gcc_64/lib/libQt6SvgWidgets.prl
2026-05-20 21:20:31,396 - aqt.updater - INFO - updater 139883251940224 Patching /home/runner/work/aide/Qt/6.8.3/gcc_64/lib/libQt6QuickParticles.prl
2026-05-20 21:20:31,396 - aqt.updater - INFO - updater 139883251940224 Patching /home/runner/work/aide/Qt/6.8.3/gcc_64/lib/libQt6QmlDebug.prl
2026-05-20 21:20:31,397 - aqt.updater - INFO - updater 139883251940224 Patching /home/runner/work/aide/Qt/6.8.3/gcc_64/lib/libQt6QmlDom.prl
2026-05-20 21:20:31,397 - aqt.updater - INFO - updater 139883251940224 Patching /home/runner/work/aide/Qt/6.8.3/gcc_64/lib/libQt6QuickControls2Imagine.prl
2026-05-20 21:20:31,397 - aqt.updater - INFO - updater 139883251940224 Patching /home/runner/work/aide/Qt/6.8.3/gcc_64/lib/libQt6WaylandEglClientHwIntegration.prl
2026-05-20 21:20:31,397 - aqt.updater - INFO - updater 139883251940224 Patching /home/runner/work/aide/Qt/6.8.3/gcc_64/lib/libQt6Designer.prl
2026-05-20 21:20:31,397 - aqt.updater - INFO - updater 139883251940224 Patching /home/runner/work/aide/Qt/6.8.3/gcc_64/lib/libQt6PrintSupport.prl
2026-05-20 21:20:31,397 - aqt.updater - INFO - updater 139883251940224 Patching /home/runner/work/aide/Qt/6.8.3/gcc_64/lib/libQt6QuickVectorImage.prl
2026-05-20 21:20:31,398 - aqt.updater - INFO - updater 139883251940224 Patching /home/runner/work/aide/Qt/6.8.3/gcc_64/lib/libQt6ExampleIcons.prl
2026-05-20 21:20:31,398 - aqt.updater - INFO - updater 139883251940224 Patching /home/runner/work/aide/Qt/6.8.3/gcc_64/lib/libQt6QuickWidgets.prl
2026-05-20 21:20:31,398 - aqt.updater - INFO - updater 139883251940224 Patching /home/runner/work/aide/Qt/6.8.3/gcc_64/lib/libQt6QuickDialogs2QuickImpl.prl
2026-05-20 21:20:31,398 - aqt.updater - INFO - updater 139883251940224 Patching /home/runner/work/aide/Qt/6.8.3/gcc_64/lib/libQt6FbSupport.prl
2026-05-20 21:20:31,398 - aqt.updater - INFO - updater 139883251940224 Patching /home/runner/work/aide/Qt/6.8.3/gcc_64/lib/libQt6QuickDialogs2.prl
2026-05-20 21:20:31,398 - aqt.updater - INFO - updater 139883251940224 Patching /home/runner/work/aide/Qt/6.8.3/gcc_64/lib/libQt6OpenGLWidgets.prl
2026-05-20 21:20:31,399 - aqt.updater - INFO - updater 139883251940224 Patching /home/runner/work/aide/Qt/6.8.3/gcc_64/lib/libQt6QmlModels.prl
2026-05-20 21:20:31,399 - aqt.updater - INFO - updater 139883251940224 Patching /home/runner/work/aide/Qt/6.8.3/gcc_64/lib/libQt6QuickEffects.prl
2026-05-20 21:20:31,399 - aqt.updater - INFO - updater 139883251940224 Patching /home/runner/work/aide/Qt/6.8.3/gcc_64/lib/libQt6InputSupport.prl
2026-05-20 21:20:31,399 - aqt.updater - INFO - updater 139883251940224 Patching /home/runner/work/aide/Qt/6.8.3/gcc_64/lib/libQt6QuickControls2BasicStyleImpl.prl
2026-05-20 21:20:31,399 - aqt.updater - INFO - updater 139883251940224 Patching /home/runner/work/aide/Qt/6.8.3/gcc_64/lib/libQt6Concurrent.prl
2026-05-20 21:20:31,399 - aqt.updater - INFO - updater 139883251940224 Patching /home/runner/work/aide/Qt/6.8.3/gcc_64/lib/libQt6QuickShapes.prl
2026-05-20 21:20:31,400 - aqt.updater - INFO - updater 139883251940224 Patching /home/runner/work/aide/Qt/6.8.3/gcc_64/lib/libQt6QuickTestUtils.prl
2026-05-20 21:20:31,400 - aqt.updater - INFO - updater 139883251940224 Patching /home/runner/work/aide/Qt/6.8.3/gcc_64/lib/libQt6Qml.prl
2026-05-20 21:20:31,400 - aqt.updater - INFO - updater 139883251940224 Patching /home/runner/work/aide/Qt/6.8.3/gcc_64/lib/libQt6Gui.prl
2026-05-20 21:20:31,400 - aqt.updater - INFO - updater 139883251940224 Patching /home/runner/work/aide/Qt/6.8.3/gcc_64/lib/libQt6Quick.prl
2026-05-20 21:20:31,400 - aqt.updater - INFO - updater 139883251940224 Patching /home/runner/work/aide/Qt/6.8.3/gcc_64/lib/libQt6QmlTypeRegistrar.prl
2026-05-20 21:20:31,400 - aqt.updater - INFO - updater 139883251940224 Patching /home/runner/work/aide/Qt/6.8.3/gcc_64/lib/libQt6QuickControls2Impl.prl
2026-05-20 21:20:31,401 - aqt.updater - INFO - updater 139883251940224 Patching /home/runner/work/aide/Qt/6.8.3/gcc_64/lib/libQt6QuickTest.prl
2026-05-20 21:20:31,401 - aqt.updater - INFO - updater 139883251940224 Patching /home/runner/work/aide/Qt/6.8.3/gcc_64/lib/libQt6QuickControls2UniversalStyleImpl.prl
2026-05-20 21:20:31,401 - aqt.updater - INFO - updater 139883251940224 Patching /home/runner/work/aide/Qt/6.8.3/gcc_64/lib/libQt6QuickControls2Basic.prl
2026-05-20 21:20:31,401 - aqt.updater - INFO - updater 139883251940224 Patching /home/runner/work/aide/Qt/6.8.3/gcc_64/lib/libQt6QuickControls2Fusion.prl
2026-05-20 21:20:31,401 - aqt.updater - INFO - updater 139883251940224 Patching /home/runner/work/aide/Qt/6.8.3/gcc_64/lib/libQt6QuickControls2ImagineStyleImpl.prl
2026-05-20 21:20:31,401 - aqt.updater - INFO - updater 139883251940224 Patching /home/runner/work/aide/Qt/6.8.3/gcc_64/lib/libQt6QuickControls2MaterialStyleImpl.prl
2026-05-20 21:20:31,401 - aqt.updater - INFO - updater 139883251940224 Patching /home/runner/work/aide/Qt/6.8.3/gcc_64/lib/libQt6QmlLS.prl
2026-05-20 21:20:31,402 - aqt.updater - INFO - updater 139883251940224 Patching /home/runner/work/aide/Qt/6.8.3/gcc_64/lib/libQt6Core.prl
2026-05-20 21:20:31,402 - aqt.updater - INFO - updater 139883251940224 Patching /home/runner/work/aide/Qt/6.8.3/gcc_64/lib/libQt6UiTools.prl
2026-05-20 21:20:31,402 - aqt.updater - INFO - updater 139883251940224 Patching /home/runner/work/aide/Qt/6.8.3/gcc_64/lib/libQt6QuickLayouts.prl
2026-05-20 21:20:31,402 - aqt.updater - INFO - updater 139883251940224 Patching /home/runner/work/aide/Qt/6.8.3/gcc_64/lib/libQt6DBus.prl
2026-05-20 21:20:31,402 - aqt.updater - INFO - updater 139883251940224 Patching /home/runner/work/aide/Qt/6.8.3/gcc_64/lib/libQt6LabsQmlModels.prl
2026-05-20 21:20:31,402 - aqt.updater - INFO - updater 139883251940224 Patching /home/runner/work/aide/Qt/6.8.3/gcc_64/lib/libQt6QuickControls2FusionStyleImpl.prl
2026-05-20 21:20:31,403 - aqt.updater - INFO - updater 139883251940224 Patching /home/runner/work/aide/Qt/6.8.3/gcc_64/lib/libQt6ExamplesAssetDownloader.prl
2026-05-20 21:20:31,403 - aqt.updater - INFO - updater 139883251940224 Patching /home/runner/work/aide/Qt/6.8.3/gcc_64/lib/libQt6QuickControls2FluentWinUI3StyleImpl.prl
2026-05-20 21:20:31,403 - aqt.updater - INFO - updater 139883251940224 Patching /home/runner/work/aide/Qt/6.8.3/gcc_64/lib/libQt6LabsAnimation.prl
2026-05-20 21:20:31,403 - aqt.updater - INFO - updater 139883251940224 Patching /home/runner/work/aide/Qt/6.8.3/gcc_64/lib/libQt6QuickTemplates2.prl
2026-05-20 21:20:31,403 - aqt.updater - INFO - updater 139883251940224 Patching /home/runner/work/aide/Qt/6.8.3/gcc_64/lib/libQt6QuickControls2Material.prl
2026-05-20 21:20:31,403 - aqt.updater - INFO - updater 139883251940224 Patching /home/runner/work/aide/Qt/6.8.3/gcc_64/lib/libQt6QuickDialogs2Utils.prl
2026-05-20 21:20:31,404 - aqt.updater - INFO - updater 139883251940224 Patching /home/runner/work/aide/Qt/6.8.3/gcc_64/lib/libQt6EglFsKmsGbmSupport.prl
2026-05-20 21:20:31,404 - aqt.updater - INFO - updater 139883251940224 Patching /home/runner/work/aide/Qt/6.8.3/gcc_64/lib/libQt6WlShellIntegration.prl
2026-05-20 21:20:31,404 - aqt.updater - INFO - updater 139883251940224 Patching /home/runner/work/aide/Qt/6.8.3/gcc_64/lib/libQt6Sql.prl
2026-05-20 21:20:31,404 - aqt.updater - INFO - updater 139883251940224 Patching /home/runner/work/aide/Qt/6.8.3/gcc_64/lib/libQt6QmlWorkerScript.prl
2026-05-20 21:20:31,404 - aqt.updater - INFO - updater 139883251940224 Patching /home/runner/work/aide/Qt/6.8.3/gcc_64/lib/libQt6QmlMeta.prl
2026-05-20 21:20:31,404 - aqt.updater - INFO - updater 139883251940224 Patching /home/runner/work/aide/Qt/6.8.3/gcc_64/lib/libQt6EglFSDeviceIntegration.prl
2026-05-20 21:20:31,404 - aqt.updater - INFO - updater 139883251940224 Patching /home/runner/work/aide/Qt/6.8.3/gcc_64/lib/libQt6QuickControls2Universal.prl
2026-05-20 21:20:31,405 - aqt.updater - INFO - updater 139883251940224 Patching /home/runner/work/aide/Qt/6.8.3/gcc_64/lib/libQt6EglFsKmsSupport.prl
2026-05-20 21:20:31,405 - aqt.updater - INFO - updater 139883251940224 Patching /home/runner/work/aide/Qt/6.8.3/gcc_64/lib/libQt6DeviceDiscoverySupport.prl
2026-05-20 21:20:31,405 - aqt.updater - INFO - updater 139883251940224 Patching /home/runner/work/aide/Qt/6.8.3/gcc_64/lib/libQt6XcbQpa.prl
2026-05-20 21:20:31,405 - aqt.updater - INFO - updater 139883251940224 Patching /home/runner/work/aide/Qt/6.8.3/gcc_64/lib/libQt6WaylandClient.prl
2026-05-20 21:20:31,405 - aqt.updater - INFO - updater 139883251940224 Patching /home/runner/work/aide/Qt/6.8.3/gcc_64/lib/libQt6PacketProtocol.prl
2026-05-20 21:20:31,405 - aqt.updater - INFO - updater 139883251940224 Patching /home/runner/work/aide/Qt/6.8.3/gcc_64/lib/libQt6QmlNetwork.prl
2026-05-20 21:20:31,406 - aqt.updater - INFO - updater 139883251940224 Patching /home/runner/work/aide/Qt/6.8.3/gcc_64/lib/libQt6QmlXmlListModel.prl
2026-05-20 21:20:31,406 - aqt.updater - INFO - updater 139883251940224 Patching /home/runner/work/aide/Qt/6.8.3/gcc_64/lib/libQt6Svg.prl
2026-05-20 21:20:31,406 - aqt.updater - INFO - updater 139883251940224 Patching /home/runner/work/aide/Qt/6.8.3/gcc_64/lib/libQt6LabsWavefrontMesh.prl
2026-05-20 21:20:31,406 - aqt.updater - INFO - updater 139883251940224 Patching /home/runner/work/aide/Qt/6.8.3/gcc_64/lib/libQt6Help.prl
2026-05-20 21:20:31,406 - aqt.updater - INFO - updater 139883251940224 Patching /home/runner/work/aide/Qt/6.8.3/gcc_64/lib/libQt6QmlToolingSettings.prl
2026-05-20 21:20:31,406 - aqt.updater - INFO - updater 139883251940224 Patching /home/runner/work/aide/Qt/6.8.3/gcc_64/lib/libQt6LabsFolderListModel.prl
2026-05-20 21:20:31,407 - aqt.updater - INFO - updater 139883251940224 Patching /home/runner/work/aide/Qt/6.8.3/gcc_64/lib/libQt6Test.prl
2026-05-20 21:20:31,407 - aqt.updater - INFO - updater 139883251940224 Patching /home/runner/work/aide/Qt/6.8.3/gcc_64/lib/libQt6LabsSettings.prl
2026-05-20 21:20:31,407 - aqt.updater - INFO - updater 139883251940224 Patching /home/runner/work/aide/Qt/6.8.3/gcc_64/lib/libQt6QmlCompiler.prl
2026-05-20 21:20:31,407 - aqt.updater - INFO - updater 139883251940224 Patching /home/runner/work/aide/Qt/6.8.3/gcc_64/lib/libQt6QuickControlsTestUtils.prl
2026-05-20 21:20:31,407 - aqt.updater - INFO - updater 139883251940224 Patching /home/runner/work/aide/Qt/6.8.3/gcc_64/lib/libQt6QuickControls2.prl
2026-05-20 21:20:31,407 - aqt.updater - INFO - updater 139883251940224 Patching /home/runner/work/aide/Qt/6.8.3/gcc_64/lib/libQt6Network.prl
2026-05-20 21:20:31,407 - aqt.updater - INFO - updater 139883251940224 Patching /home/runner/work/aide/Qt/6.8.3/gcc_64/lib/libQt6LabsSharedImage.prl
2026-05-20 21:20:31,408 - aqt.updater - INFO - updater 139883251940224 Patching /home/runner/work/aide/Qt/6.8.3/gcc_64/lib/libQt6Widgets.prl
2026-05-20 21:20:31,408 - aqt.updater - INFO - updater 139883251940224 Patching /home/runner/work/aide/Qt/6.8.3/gcc_64/lib/libQt6QmlLocalStorage.prl
2026-05-20 21:20:31,408 - aqt.updater - INFO - updater 139883251940224 Patching /home/runner/work/aide/Qt/6.8.3/gcc_64/lib/libQt6QmlCore.prl
2026-05-20 21:20:31,408 - aqt.updater - INFO - updater 139883251940224 Patching /home/runner/work/aide/Qt/6.8.3/gcc_64/lib/libQt6LabsPlatform.prl
2026-05-20 21:20:31,408 - aqt.main - INFO - installer 139883251940224 Finished installation
2026-05-20 21:20:31,408 - aqt.main - INFO - installer 139883251940224 Time elapsed: 22.53575332 second
2026-05-27 21:23:59,374 - aqt.main - INFO - installer 140614355123072 aqtinstall(aqt) v3.1.21 on Python 3.12.13 [CPython GCC 13.3.0]
2026-05-27 21:23:59,687 - aqt.main - INFO - installer 140312598432640 aqtinstall(aqt) v3.1.21 on Python 3.12.13 [CPython GCC 13.3.0]
2026-05-27 21:23:59,688 - aqt.helper - DEBUG - helper 140312598432640 Attempt to download checksum at https://download.qt.io/online/qtsdkrepository/linux_x64/desktop/qt6_683/qt6_683/Updates.xml.sha256
2026-05-27 21:24:00,634 - aqt.helper - DEBUG - helper 140312598432640 Attempt to download checksum at https://download.qt.io/online/qtsdkrepository/linux_x64/extensions/qtwebengine/683/x86_64/Updates.xml.sha256
2026-05-27 21:24:01,517 - aqt.archives - INFO - archives 140312598432640 Found extension qtwebengine
2026-05-27 21:24:01,517 - aqt.helper - DEBUG - helper 140312598432640 Attempt to download checksum at https://download.qt.io/online/qtsdkrepository/linux_x64/extensions/qtpdf/683/x86_64/Updates.xml.sha256
2026-05-27 21:24:02,450 - aqt.archives - INFO - archives 140312598432640 Found extension qtpdf
2026-05-27 21:24:03,054 - aqt.helper - DEBUG - helper 140086872853376 Attempt to download checksum at https://download.qt.io/online/qtsdkrepository/linux_x64/desktop/qt6_683/qt6_683/qt.qt6.683.linux_gcc_64/6.8.3-0-202503201345qtbase-Linux-RHEL_8_10-GCC-Linux-RHEL_8_10-X86_64.7z.sha256
2026-05-27 21:24:03,055 - aqt.helper - DEBUG - helper 140336671484800 Attempt to download checksum at https://download.qt.io/online/qtsdkrepository/linux_x64/desktop/qt6_683/qt6_683/qt.qt6.683.linux_gcc_64/6.8.3-0-202503201345qtsvg-Linux-RHEL_8_10-GCC-Linux-RHEL_8_10-X86_64.7z.sha256
2026-05-27 21:24:03,074 - aqt.helper - DEBUG - helper 140330312219520 Attempt to download checksum at https://download.qt.io/online/qtsdkrepository/linux_x64/desktop/qt6_683/qt6_683/qt.qt6.683.linux_gcc_64/6.8.3-0-202503201345qtdeclarative-Linux-RHEL_8_10-GCC-Linux-RHEL_8_10-X86_64.7z.sha256
2026-05-27 21:24:03,077 - aqt.helper - DEBUG - helper 139922563402624 Attempt to download checksum at https://download.qt.io/online/qtsdkrepository/linux_x64/desktop/qt6_683/qt6_683/qt.qt6.683.linux_gcc_64/6.8.3-0-202503201345qttools-Linux-RHEL_8_10-GCC-Linux-RHEL_8_10-X86_64.7z.sha256
2026-05-27 21:24:03,482 - aqt.helper - INFO - helper 140086872853376 Downloading qtbase...
2026-05-27 21:24:03,483 - aqt.installer - DEBUG - installer 140086872853376 Download URL: https://download.qt.io/online/qtsdkrepository/linux_x64/desktop/qt6_683/qt6_683/qt.qt6.683.linux_gcc_64/6.8.3-0-202503201345qtbase-Linux-RHEL_8_10-GCC-Linux-RHEL_8_10-X86_64.7z
2026-05-27 21:24:03,499 - aqt.helper - INFO - helper 140330312219520 Downloading qtdeclarative...
2026-05-27 21:24:03,499 - aqt.installer - DEBUG - installer 140330312219520 Download URL: https://download.qt.io/online/qtsdkrepository/linux_x64/desktop/qt6_683/qt6_683/qt.qt6.683.linux_gcc_64/6.8.3-0-202503201345qtdeclarative-Linux-RHEL_8_10-GCC-Linux-RHEL_8_10-X86_64.7z
2026-05-27 21:24:03,507 - aqt.helper - INFO - helper 139922563402624 Downloading qttools...
2026-05-27 21:24:03,508 - aqt.installer - DEBUG - installer 139922563402624 Download URL: https://download.qt.io/online/qtsdkrepository/linux_x64/desktop/qt6_683/qt6_683/qt.qt6.683.linux_gcc_64/6.8.3-0-202503201345qttools-Linux-RHEL_8_10-GCC-Linux-RHEL_8_10-X86_64.7z
2026-05-27 21:24:03,520 - aqt.helper - INFO - helper 140336671484800 Downloading qtsvg...
2026-05-27 21:24:03,521 - aqt.installer - DEBUG - installer 140336671484800 Download URL: https://download.qt.io/online/qtsdkrepository/linux_x64/desktop/qt6_683/qt6_683/qt.qt6.683.linux_gcc_64/6.8.3-0-202503201345qtsvg-Linux-RHEL_8_10-GCC-Linux-RHEL_8_10-X86_64.7z
2026-05-27 21:24:04,010 - aqt.helper - DEBUG - helper 139922563402624 Asked to redirect(302) to: https://qt.mirror.constant.com/online/qtsdkrepository/linux_x64/desktop/qt6_683/qt6_683/qt.qt6.683.linux_gcc_64/6.8.3-0-202503201345qttools-Linux-RHEL_8_10-GCC-Linux-RHEL_8_10-X86_64.7z
2026-05-27 21:24:04,010 - aqt.helper - DEBUG - helper 140086872853376 Asked to redirect(302) to: https://qt.mirror.constant.com/online/qtsdkrepository/linux_x64/desktop/qt6_683/qt6_683/qt.qt6.683.linux_gcc_64/6.8.3-0-202503201345qtbase-Linux-RHEL_8_10-GCC-Linux-RHEL_8_10-X86_64.7z
2026-05-27 21:24:04,010 - aqt.helper - INFO - helper 140086872853376 Redirected: qt.mirror.constant.com
2026-05-27 21:24:04,010 - aqt.helper - INFO - helper 139922563402624 Redirected: qt.mirror.constant.com
2026-05-27 21:24:04,011 - aqt.helper - DEBUG - helper 140336671484800 Asked to redirect(302) to: https://qt.mirror.constant.com/online/qtsdkrepository/linux_x64/desktop/qt6_683/qt6_683/qt.qt6.683.linux_gcc_64/6.8.3-0-202503201345qtsvg-Linux-RHEL_8_10-GCC-Linux-RHEL_8_10-X86_64.7z
2026-05-27 21:24:04,011 - aqt.helper - INFO - helper 140336671484800 Redirected: qt.mirror.constant.com
2026-05-27 21:24:04,011 - aqt.helper - DEBUG - helper 140330312219520 Asked to redirect(302) to: https://qt.mirror.constant.com/online/qtsdkrepository/linux_x64/desktop/qt6_683/qt6_683/qt.qt6.683.linux_gcc_64/6.8.3-0-202503201345qtdeclarative-Linux-RHEL_8_10-GCC-Linux-RHEL_8_10-X86_64.7z
2026-05-27 21:24:04,011 - aqt.helper - INFO - helper 140330312219520 Redirected: qt.mirror.constant.com
2026-05-27 21:24:04,231 - aqt.installer - INFO - installer 140336671484800 Finished installation of qtsvg-Linux-RHEL_8_10-GCC-Linux-RHEL_8_10-X86_64.7z in 1.17940989
2026-05-27 21:24:04,259 - aqt.helper - DEBUG - helper 140336671484800 Attempt to download checksum at https://download.qt.io/online/qtsdkrepository/linux_x64/desktop/qt6_683/qt6_683/qt.qt6.683.linux_gcc_64/6.8.3-0-202503201345qttranslations-Linux-RHEL_8_10-GCC-Linux-RHEL_8_10-X86_64.7z.sha256
2026-05-27 21:24:04,707 - aqt.helper - INFO - helper 140336671484800 Downloading qttranslations...
2026-05-27 21:24:04,707 - aqt.installer - DEBUG - installer 140336671484800 Download URL: https://download.qt.io/online/qtsdkrepository/linux_x64/desktop/qt6_683/qt6_683/qt.qt6.683.linux_gcc_64/6.8.3-0-202503201345qttranslations-Linux-RHEL_8_10-GCC-Linux-RHEL_8_10-X86_64.7z
2026-05-27 21:24:05,175 - aqt.helper - DEBUG - helper 140336671484800 Asked to redirect(302) to: https://qt.mirror.constant.com/online/qtsdkrepository/linux_x64/desktop/qt6_683/qt6_683/qt.qt6.683.linux_gcc_64/6.8.3-0-202503201345qttranslations-Linux-RHEL_8_10-GCC-Linux-RHEL_8_10-X86_64.7z
2026-05-27 21:24:05,176 - aqt.helper - INFO - helper 140336671484800 Redirected: qt.mirror.constant.com
2026-05-27 21:24:05,621 - aqt.installer - INFO - installer 140336671484800 Finished installation of qttranslations-Linux-RHEL_8_10-GCC-Linux-RHEL_8_10-X86_64.7z in 1.36666652
2026-05-27 21:24:05,644 - aqt.helper - DEBUG - helper 140336671484800 Attempt to download checksum at https://download.qt.io/online/qtsdkrepository/linux_x64/desktop/qt6_683/qt6_683/qt.qt6.683.linux_gcc_64/6.8.3-0-202503201345qtwayland-Linux-RHEL_8_10-GCC-Linux-RHEL_8_10-X86_64.7z.sha256
2026-05-27 21:24:06,080 - aqt.helper - INFO - helper 140336671484800 Downloading qtwayland...
2026-05-27 21:24:06,080 - aqt.installer - DEBUG - installer 140336671484800 Download URL: https://download.qt.io/online/qtsdkrepository/linux_x64/desktop/qt6_683/qt6_683/qt.qt6.683.linux_gcc_64/6.8.3-0-202503201345qtwayland-Linux-RHEL_8_10-GCC-Linux-RHEL_8_10-X86_64.7z
2026-05-27 21:24:06,520 - aqt.helper - DEBUG - helper 140336671484800 Asked to redirect(302) to: https://qt.mirror.constant.com/online/qtsdkrepository/linux_x64/desktop/qt6_683/qt6_683/qt.qt6.683.linux_gcc_64/6.8.3-0-202503201345qtwayland-Linux-RHEL_8_10-GCC-Linux-RHEL_8_10-X86_64.7z
2026-05-27 21:24:06,520 - aqt.helper - INFO - helper 140336671484800 Redirected: qt.mirror.constant.com
2026-05-27 21:24:06,860 - aqt.installer - INFO - installer 140336671484800 Finished installation of qtwayland-Linux-RHEL_8_10-GCC-Linux-RHEL_8_10-X86_64.7z in 1.21843938
2026-05-27 21:24:06,883 - aqt.helper - DEBUG - helper 140336671484800 Attempt to download checksum at https://download.qt.io/online/qtsdkrepository/linux_x64/desktop/qt6_683/qt6_683/qt.qt6.683.linux_gcc_64/6.8.3-0-202503201345icu-linux-Rhel8.6-x86_64.7z.sha256
2026-05-27 21:24:07,333 - aqt.helper - INFO - helper 140336671484800 Downloading icu...
2026-05-27 21:24:07,333 - aqt.installer - DEBUG - installer 140336671484800 Download URL: https://download.qt.io/online/qtsdkrepository/linux_x64/desktop/qt6_683/qt6_683/qt.qt6.683.linux_gcc_64/6.8.3-0-202503201345icu-linux-Rhel8.6-x86_64.7z
2026-05-27 21:24:07,426 - aqt.installer - INFO - installer 139922563402624 Finished installation of qttools-Linux-RHEL_8_10-GCC-Linux-RHEL_8_10-X86_64.7z in 4.35113192
2026-05-27 21:24:07,759 - aqt.helper - DEBUG - helper 140336671484800 Asked to redirect(302) to: https://qt.mirror.constant.com/online/qtsdkrepository/linux_x64/desktop/qt6_683/qt6_683/qt.qt6.683.linux_gcc_64/6.8.3-0-202503201345icu-linux-Rhel8.6-x86_64.7z
2026-05-27 21:24:07,759 - aqt.helper - INFO - helper 140336671484800 Redirected: qt.mirror.constant.com
2026-05-27 21:24:08,864 - aqt.installer - INFO - installer 140336671484800 Finished installation of icu-linux-Rhel8.6-x86_64.7z in 1.98284860
2026-05-27 21:24:08,990 - aqt.installer - INFO - installer 140086872853376 Finished installation of qtbase-Linux-RHEL_8_10-GCC-Linux-RHEL_8_10-X86_64.7z in 5.93820628
2026-05-27 21:24:17,525 - aqt.installer - INFO - installer 140330312219520 Finished installation of qtdeclarative-Linux-RHEL_8_10-GCC-Linux-RHEL_8_10-X86_64.7z in 14.45250533
2026-05-27 21:24:17,647 - aqt.updater - INFO - updater 140312598432640 Patching /home/runner/work/aide/Qt/6.8.3/gcc_64/bin/qmake
2026-05-27 21:24:17,651 - aqt.updater - INFO - updater 140312598432640 Patching /home/runner/work/aide/Qt/6.8.3/gcc_64/lib/pkgconfig/Qt6QmlMeta.pc
2026-05-27 21:24:17,652 - aqt.updater - INFO - updater 140312598432640 Patching /home/runner/work/aide/Qt/6.8.3/gcc_64/lib/pkgconfig/Qt6QuickTemplates2.pc
2026-05-27 21:24:17,652 - aqt.updater - INFO - updater 140312598432640 Patching /home/runner/work/aide/Qt/6.8.3/gcc_64/lib/pkgconfig/Qt6QmlLocalStorage.pc
2026-05-27 21:24:17,652 - aqt.updater - INFO - updater 140312598432640 Patching /home/runner/work/aide/Qt/6.8.3/gcc_64/lib/pkgconfig/Qt6QmlModels.pc
2026-05-27 21:24:17,652 - aqt.updater - INFO - updater 140312598432640 Patching /home/runner/work/aide/Qt/6.8.3/gcc_64/lib/pkgconfig/Qt6QuickDialogs2.pc
2026-05-27 21:24:17,653 - aqt.updater - INFO - updater 140312598432640 Patching /home/runner/work/aide/Qt/6.8.3/gcc_64/lib/pkgconfig/Qt6Xml.pc
2026-05-27 21:24:17,653 - aqt.updater - INFO - updater 140312598432640 Patching /home/runner/work/aide/Qt/6.8.3/gcc_64/lib/pkgconfig/Qt6QuickControls2ImagineStyleImpl.pc
2026-05-27 21:24:17,653 - aqt.updater - INFO - updater 140312598432640 Patching /home/runner/work/aide/Qt/6.8.3/gcc_64/lib/pkgconfig/Qt6Help.pc
2026-05-27 21:24:17,653 - aqt.updater - INFO - updater 140312598432640 Patching /home/runner/work/aide/Qt/6.8.3/gcc_64/lib/pkgconfig/Qt6Sql.pc
2026-05-27 21:24:17,654 - aqt.updater - INFO - updater 140312598432640 Patching /home/runner/work/aide/Qt/6.8.3/gcc_64/lib/pkgconfig/Qt6QuickControls2Impl.pc
2026-05-27 21:24:17,654 - aqt.updater - INFO - updater 140312598432640 Patching /home/runner/work/aide/Qt/6.8.3/gcc_64/lib/pkgconfig/Qt6LabsPlatform.pc
2026-05-27 21:24:17,654 - aqt.updater - INFO - updater 140312598432640 Patching /home/runner/work/aide/Qt/6.8.3/gcc_64/lib/pkgconfig/Qt6Core.pc
2026-05-27 21:24:17,654 - aqt.updater - INFO - updater 140312598432640 Patching /home/runner/work/aide/Qt/6.8.3/gcc_64/lib/pkgconfig/Qt6SvgWidgets.pc
2026-05-27 21:24:17,655 - aqt.updater - INFO - updater 140312598432640 Patching /home/runner/work/aide/Qt/6.8.3/gcc_64/lib/pkgconfig/Qt6QuickDialogs2Utils.pc
2026-05-27 21:24:17,655 - aqt.updater - INFO - updater 140312598432640 Patching /home/runner/work/aide/Qt/6.8.3/gcc_64/lib/pkgconfig/Qt6QmlAssetDownloader.pc
2026-05-27 21:24:17,655 - aqt.updater - INFO - updater 140312598432640 Patching /home/runner/work/aide/Qt/6.8.3/gcc_64/lib/pkgconfig/Qt6Svg.pc
2026-05-27 21:24:17,655 - aqt.updater - INFO - updater 140312598432640 Patching /home/runner/work/aide/Qt/6.8.3/gcc_64/lib/pkgconfig/Qt6QuickControls2FusionStyleImpl.pc
2026-05-27 21:24:17,656 - aqt.updater - INFO - updater 140312598432640 Patching /home/runner/work/aide/Qt/6.8.3/gcc_64/lib/pkgconfig/Qt6Test.pc
2026-05-27 21:24:17,656 - aqt.updater - INFO - updater 140312598432640 Patching /home/runner/work/aide/Qt/6.8.3/gcc_64/lib/pkgconfig/Qt6QuickWidgets.pc
2026-05-27 21:24:17,656 - aqt.updater - INFO - updater 140312598432640 Patching /home/runner/work/aide/Qt/6.8.3/gcc_64/lib/pkgconfig/Qt6Network.pc
2026-05-27 21:24:17,656 - aqt.updater - INFO - updater 140312598432640 Patching /home/runner/work/aide/Qt/6.8.3/gcc_64/lib/pkgconfig/Qt6QuickControls2Material.pc
2026-05-27 21:24:17,657 - aqt.updater - INFO - updater 140312598432640 Patching /home/runner/work/aide/Qt/6.8.3/gcc_64/lib/pkgconfig/Qt6LabsFolderListModel.pc
2026-05-27 21:24:17,657 - aqt.updater - INFO - updater 140312598432640 Patching /home/runner/work/aide/Qt/6.8.3/gcc_64/lib/pkgconfig/Qt6LabsWavefrontMesh.pc
2026-05-27 21:24:17,657 - aqt.updater - INFO - updater 140312598432640 Patching /home/runner/work/aide/Qt/6.8.3/gcc_64/lib/pkgconfig/Qt6UiPlugin.pc
2026-05-27 21:24:17,657 - aqt.updater - INFO - updater 140312598432640 Patching /home/runner/work/aide/Qt/6.8.3/gcc_64/lib/pkgconfig/Qt6LabsSettings.pc
2026-05-27 21:24:17,657 - aqt.updater - INFO - updater 140312598432640 Patching /home/runner/work/aide/Qt/6.8.3/gcc_64/lib/pkgconfig/Qt6Gui.pc
2026-05-27 21:24:17,658 - aqt.updater - INFO - updater 140312598432640 Patching /home/runner/work/aide/Qt/6.8.3/gcc_64/lib/pkgconfig/Qt6QmlCore.pc
2026-05-27 21:24:17,658 - aqt.updater - INFO - updater 140312598432640 Patching /home/runner/work/aide/Qt/6.8.3/gcc_64/lib/pkgconfig/Qt6QuickControls2Imagine.pc
2026-05-27 21:24:17,658 - aqt.updater - INFO - updater 140312598432640 Patching /home/runner/work/aide/Qt/6.8.3/gcc_64/lib/pkgconfig/Qt6QuickControls2BasicStyleImpl.pc
2026-05-27 21:24:17,658 - aqt.updater - INFO - updater 140312598432640 Patching /home/runner/work/aide/Qt/6.8.3/gcc_64/lib/pkgconfig/Qt6QmlXmlListModel.pc
2026-05-27 21:24:17,659 - aqt.updater - INFO - updater 140312598432640 Patching /home/runner/work/aide/Qt/6.8.3/gcc_64/lib/pkgconfig/Qt6QuickControls2Basic.pc
2026-05-27 21:24:17,659 - aqt.updater - INFO - updater 140312598432640 Patching /home/runner/work/aide/Qt/6.8.3/gcc_64/lib/pkgconfig/Qt6Quick.pc
2026-05-27 21:24:17,659 - aqt.updater - INFO - updater 140312598432640 Patching /home/runner/work/aide/Qt/6.8.3/gcc_64/lib/pkgconfig/Qt6QuickVectorImage.pc
2026-05-27 21:24:17,659 - aqt.updater - INFO - updater 140312598432640 Patching /home/runner/work/aide/Qt/6.8.3/gcc_64/lib/pkgconfig/Qt6QuickControls2Universal.pc
2026-05-27 21:24:17,660 - aqt.updater - INFO - updater 140312598432640 Patching /home/runner/work/aide/Qt/6.8.3/gcc_64/lib/pkgconfig/Qt6QuickDialogs2QuickImpl.pc
2026-05-27 21:24:17,660 - aqt.updater - INFO - updater 140312598432640 Patching /home/runner/work/aide/Qt/6.8.3/gcc_64/lib/pkgconfig/Qt6Linguist.pc
2026-05-27 21:24:17,660 - aqt.updater - INFO - updater 140312598432640 Patching /home/runner/work/aide/Qt/6.8.3/gcc_64/lib/pkgconfig/Qt6QuickControls2FluentWinUI3StyleImpl.pc
2026-05-27 21:24:17,660 - aqt.updater - INFO - updater 140312598432640 Patching /home/runner/work/aide/Qt/6.8.3/gcc_64/lib/pkgconfig/Qt6QuickControls2UniversalStyleImpl.pc
2026-05-27 21:24:17,661 - aqt.updater - INFO - updater 140312598432640 Patching /home/runner/work/aide/Qt/6.8.3/gcc_64/lib/pkgconfig/Qt6PrintSupport.pc
2026-05-27 21:24:17,661 - aqt.updater - INFO - updater 140312598432640 Patching /home/runner/work/aide/Qt/6.8.3/gcc_64/lib/pkgconfig/Qt6QuickControls2MaterialStyleImpl.pc
2026-05-27 21:24:17,661 - aqt.updater - INFO - updater 140312598432640 Patching /home/runner/work/aide/Qt/6.8.3/gcc_64/lib/pkgconfig/Qt6Concurrent.pc
2026-05-27 21:24:17,661 - aqt.updater - INFO - updater 140312598432640 Patching /home/runner/work/aide/Qt/6.8.3/gcc_64/lib/pkgconfig/Qt6QuickTest.pc
2026-05-27 21:24:17,661 - aqt.updater - INFO - updater 140312598432640 Patching /home/runner/work/aide/Qt/6.8.3/gcc_64/lib/pkgconfig/Qt6WaylandClient.pc
2026-05-27 21:24:17,662 - aqt.updater - INFO - updater 140312598432640 Patching /home/runner/work/aide/Qt/6.8.3/gcc_64/lib/pkgconfig/Qt6QuickLayouts.pc
2026-05-27 21:24:17,662 - aqt.updater - INFO - updater 140312598432640 Patching /home/runner/work/aide/Qt/6.8.3/gcc_64/lib/pkgconfig/Qt6LabsSharedImage.pc
2026-05-27 21:24:17,662 - aqt.updater - INFO - updater 140312598432640 Patching /home/runner/work/aide/Qt/6.8.3/gcc_64/lib/pkgconfig/Qt6Widgets.pc
2026-05-27 21:24:17,662 - aqt.updater - INFO - updater 140312598432640 Patching /home/runner/work/aide/Qt/6.8.3/gcc_64/lib/pkgconfig/Qt6QmlNetwork.pc
2026-05-27 21:24:17,663 - aqt.updater - INFO - updater 140312598432640 Patching /home/runner/work/aide/Qt/6.8.3/gcc_64/lib/pkgconfig/Qt6QuickControls2Fusion.pc
2026-05-27 21:24:17,663 - aqt.updater - INFO - updater 140312598432640 Patching /home/runner/work/aide/Qt/6.8.3/gcc_64/lib/pkgconfig/Qt6Qml.pc
2026-05-27 21:24:17,663 - aqt.updater - INFO - updater 140312598432640 Patching /home/runner/work/aide/Qt/6.8.3/gcc_64/lib/pkgconfig/Qt6QmlIntegration.pc
2026-05-27 21:24:17,663 - aqt.updater - INFO - updater 140312598432640 Patching /home/runner/work/aide/Qt/6.8.3/gcc_64/lib/pkgconfig/Qt6UiTools.pc
2026-05-27 21:24:17,664 - aqt.updater - INFO - updater 140312598432640 Patching /home/runner/work/aide/Qt/6.8.3/gcc_64/lib/pkgconfig/Qt6OpenGL.pc
2026-05-27 21:24:17,664 - aqt.updater - INFO - updater 140312598432640 Patching /home/runner/work/aide/Qt/6.8.3/gcc_64/lib/pkgconfig/Qt6QmlCompiler.pc
2026-05-27 21:24:17,664 - aqt.updater - INFO - updater 140312598432640 Patching /home/runner/work/aide/Qt/6.8.3/gcc_64/lib/pkgconfig/Qt6QuickControls2.pc
2026-05-27 21:24:17,664 - aqt.updater - INFO - updater 140312598432640 Patching /home/runner/work/aide/Qt/6.8.3/gcc_64/lib/pkgconfig/Qt6Platform.pc
2026-05-27 21:24:17,665 - aqt.updater - INFO - updater 140312598432640 Patching /home/runner/work/aide/Qt/6.8.3/gcc_64/lib/pkgconfig/Qt6QmlWorkerScript.pc
2026-05-27 21:24:17,665 - aqt.updater - INFO - updater 140312598432640 Patching /home/runner/work/aide/Qt/6.8.3/gcc_64/lib/pkgconfig/Qt6LabsAnimation.pc
2026-05-27 21:24:17,665 - aqt.updater - INFO - updater 140312598432640 Patching /home/runner/work/aide/Qt/6.8.3/gcc_64/lib/pkgconfig/Qt6DBus.pc
2026-05-27 21:24:17,665 - aqt.updater - INFO - updater 140312598432640 Patching /home/runner/work/aide/Qt/6.8.3/gcc_64/lib/pkgconfig/Qt6OpenGLWidgets.pc
2026-05-27 21:24:17,666 - aqt.updater - INFO - updater 140312598432640 Patching /home/runner/work/aide/Qt/6.8.3/gcc_64/lib/pkgconfig/Qt6Designer.pc
2026-05-27 21:24:17,666 - aqt.updater - INFO - updater 140312598432640 Patching /home/runner/work/aide/Qt/6.8.3/gcc_64/lib/pkgconfig/Qt6LabsQmlModels.pc
2026-05-27 21:24:17,667 - aqt.updater - INFO - updater 140312598432640 Patching /home/runner/work/aide/Qt/6.8.3/gcc_64/lib/libQt6QmlCompiler.prl
2026-05-27 21:24:17,667 - aqt.updater - INFO - updater 140312598432640 Patching /home/runner/work/aide/Qt/6.8.3/gcc_64/lib/libQt6QuickControls2Material.prl
2026-05-27 21:24:17,667 - aqt.updater - INFO - updater 140312598432640 Patching /home/runner/work/aide/Qt/6.8.3/gcc_64/lib/libQt6OpenGLWidgets.prl
2026-05-27 21:24:17,668 - aqt.updater - INFO - updater 140312598432640 Patching /home/runner/work/aide/Qt/6.8.3/gcc_64/lib/libQt6Qml.prl
2026-05-27 21:24:17,668 - aqt.updater - INFO - updater 140312598432640 Patching /home/runner/work/aide/Qt/6.8.3/gcc_64/lib/libQt6Widgets.prl
2026-05-27 21:24:17,668 - aqt.updater - INFO - updater 140312598432640 Patching /home/runner/work/aide/Qt/6.8.3/gcc_64/lib/libQt6QuickControls2ImagineStyleImpl.prl
2026-05-27 21:24:17,668 - aqt.updater - INFO - updater 140312598432640 Patching /home/runner/work/aide/Qt/6.8.3/gcc_64/lib/libQt6LabsAnimation.prl
2026-05-27 21:24:17,669 - aqt.updater - INFO - updater 140312598432640 Patching /home/runner/work/aide/Qt/6.8.3/gcc_64/lib/libQt6EglFsKmsSupport.prl
2026-05-27 21:24:17,669 - aqt.updater - INFO - updater 140312598432640 Patching /home/runner/work/aide/Qt/6.8.3/gcc_64/lib/libQt6QmlTypeRegistrar.prl
2026-05-27 21:24:17,669 - aqt.updater - INFO - updater 140312598432640 Patching /home/runner/work/aide/Qt/6.8.3/gcc_64/lib/libQt6LabsWavefrontMesh.prl
2026-05-27 21:24:17,669 - aqt.updater - INFO - updater 140312598432640 Patching /home/runner/work/aide/Qt/6.8.3/gcc_64/lib/libQt6XcbQpa.prl
2026-05-27 21:24:17,670 - aqt.updater - INFO - updater 140312598432640 Patching /home/runner/work/aide/Qt/6.8.3/gcc_64/lib/libQt6LabsSettings.prl
2026-05-27 21:24:17,670 - aqt.updater - INFO - updater 140312598432640 Patching /home/runner/work/aide/Qt/6.8.3/gcc_64/lib/libQt6QmlDebug.prl
2026-05-27 21:24:17,670 - aqt.updater - INFO - updater 140312598432640 Patching /home/runner/work/aide/Qt/6.8.3/gcc_64/lib/libQt6QuickControls2Basic.prl
2026-05-27 21:24:17,670 - aqt.updater - INFO - updater 140312598432640 Patching /home/runner/work/aide/Qt/6.8.3/gcc_64/lib/libQt6QuickTemplates2.prl
2026-05-27 21:24:17,671 - aqt.updater - INFO - updater 140312598432640 Patching /home/runner/work/aide/Qt/6.8.3/gcc_64/lib/libQt6QuickControls2.prl
2026-05-27 21:24:17,671 - aqt.updater - INFO - updater 140312598432640 Patching /home/runner/work/aide/Qt/6.8.3/gcc_64/lib/libQt6QmlXmlListModel.prl
2026-05-27 21:24:17,671 - aqt.updater - INFO - updater 140312598432640 Patching /home/runner/work/aide/Qt/6.8.3/gcc_64/lib/libQt6LabsFolderListModel.prl
2026-05-27 21:24:17,671 - aqt.updater - INFO - updater 140312598432640 Patching /home/runner/work/aide/Qt/6.8.3/gcc_64/lib/libQt6QuickControls2BasicStyleImpl.prl
2026-05-27 21:24:17,672 - aqt.updater - INFO - updater 140312598432640 Patching /home/runner/work/aide/Qt/6.8.3/gcc_64/lib/libQt6QmlAssetDownloader.prl
2026-05-27 21:24:17,672 - aqt.updater - INFO - updater 140312598432640 Patching /home/runner/work/aide/Qt/6.8.3/gcc_64/lib/libQt6QuickLayouts.prl
2026-05-27 21:24:17,672 - aqt.updater - INFO - updater 140312598432640 Patching /home/runner/work/aide/Qt/6.8.3/gcc_64/lib/libQt6QuickDialogs2.prl
2026-05-27 21:24:17,672 - aqt.updater - INFO - updater 140312598432640 Patching /home/runner/work/aide/Qt/6.8.3/gcc_64/lib/libQt6WaylandClient.prl
2026-05-27 21:24:17,673 - aqt.updater - INFO - updater 140312598432640 Patching /home/runner/work/aide/Qt/6.8.3/gcc_64/lib/libQt6ExamplesAssetDownloader.prl
2026-05-27 21:24:17,673 - aqt.updater - INFO - updater 140312598432640 Patching /home/runner/work/aide/Qt/6.8.3/gcc_64/lib/libQt6Core.prl
2026-05-27 21:24:17,673 - aqt.updater - INFO - updater 140312598432640 Patching /home/runner/work/aide/Qt/6.8.3/gcc_64/lib/libQt6QmlCore.prl
2026-05-27 21:24:17,673 - aqt.updater - INFO - updater 140312598432640 Patching /home/runner/work/aide/Qt/6.8.3/gcc_64/lib/libQt6QuickWidgets.prl
2026-05-27 21:24:17,674 - aqt.updater - INFO - updater 140312598432640 Patching /home/runner/work/aide/Qt/6.8.3/gcc_64/lib/libQt6QuickShapes.prl
2026-05-27 21:24:17,674 - aqt.updater - INFO - updater 140312598432640 Patching /home/runner/work/aide/Qt/6.8.3/gcc_64/lib/libQt6QuickTestUtils.prl
2026-05-27 21:24:17,674 - aqt.updater - INFO - updater 140312598432640 Patching /home/runner/work/aide/Qt/6.8.3/gcc_64/lib/libQt6DBus.prl
2026-05-27 21:24:17,674 - aqt.updater - INFO - updater 140312598432640 Patching /home/runner/work/aide/Qt/6.8.3/gcc_64/lib/libQt6Network.prl
2026-05-27 21:24:17,675 - aqt.updater - INFO - updater 140312598432640 Patching /home/runner/work/aide/Qt/6.8.3/gcc_64/lib/libQt6EglFSDeviceIntegration.prl
2026-05-27 21:24:17,675 - aqt.updater - INFO - updater 140312598432640 Patching /home/runner/work/aide/Qt/6.8.3/gcc_64/lib/libQt6FbSupport.prl
2026-05-27 21:24:17,675 - aqt.updater - INFO - updater 140312598432640 Patching /home/runner/work/aide/Qt/6.8.3/gcc_64/lib/libQt6QuickVectorImage.prl
2026-05-27 21:24:17,675 - aqt.updater - INFO - updater 140312598432640 Patching /home/runner/work/aide/Qt/6.8.3/gcc_64/lib/libQt6QmlLocalStorage.prl
2026-05-27 21:24:17,675 - aqt.updater - INFO - updater 140312598432640 Patching /home/runner/work/aide/Qt/6.8.3/gcc_64/lib/libQt6QmlWorkerScript.prl
2026-05-27 21:24:17,676 - aqt.updater - INFO - updater 140312598432640 Patching /home/runner/work/aide/Qt/6.8.3/gcc_64/lib/libQt6SvgWidgets.prl
2026-05-27 21:24:17,676 - aqt.updater - INFO - updater 140312598432640 Patching /home/runner/work/aide/Qt/6.8.3/gcc_64/lib/libQt6WaylandEglClientHwIntegration.prl
2026-05-27 21:24:17,676 - aqt.updater - INFO - updater 140312598432640 Patching /home/runner/work/aide/Qt/6.8.3/gcc_64/lib/libQt6LabsSharedImage.prl
2026-05-27 21:24:17,676 - aqt.updater - INFO - updater 140312598432640 Patching /home/runner/work/aide/Qt/6.8.3/gcc_64/lib/libQt6QuickControls2Impl.prl
2026-05-27 21:24:17,677 - aqt.updater - INFO - updater 140312598432640 Patching /home/runner/work/aide/Qt/6.8.3/gcc_64/lib/libQt6QmlLS.prl
2026-05-27 21:24:17,677 - aqt.updater - INFO - updater 140312598432640 Patching /home/runner/work/aide/Qt/6.8.3/gcc_64/lib/libQt6QuickDialogs2Utils.prl
2026-05-27 21:24:17,677 - aqt.updater - INFO - updater 140312598432640 Patching /home/runner/work/aide/Qt/6.8.3/gcc_64/lib/libQt6DesignerComponents.prl
2026-05-27 21:24:17,677 - aqt.updater - INFO - updater 140312598432640 Patching /home/runner/work/aide/Qt/6.8.3/gcc_64/lib/libQt6LabsPlatform.prl
2026-05-27 21:24:17,678 - aqt.updater - INFO - updater 140312598432640 Patching /home/runner/work/aide/Qt/6.8.3/gcc_64/lib/libQt6QuickControls2MaterialStyleImpl.prl
2026-05-27 21:24:17,678 - aqt.updater - INFO - updater 140312598432640 Patching /home/runner/work/aide/Qt/6.8.3/gcc_64/lib/libQt6QuickControls2Fusion.prl
2026-05-27 21:24:17,678 - aqt.updater - INFO - updater 140312598432640 Patching /home/runner/work/aide/Qt/6.8.3/gcc_64/lib/libQt6Xml.prl
2026-05-27 21:24:17,678 - aqt.updater - INFO - updater 140312598432640 Patching /home/runner/work/aide/Qt/6.8.3/gcc_64/lib/libQt6QuickControlsTestUtils.prl
2026-05-27 21:24:17,678 - aqt.updater - INFO - updater 140312598432640 Patching /home/runner/work/aide/Qt/6.8.3/gcc_64/lib/libQt6Gui.prl
2026-05-27 21:24:17,679 - aqt.updater - INFO - updater 140312598432640 Patching /home/runner/work/aide/Qt/6.8.3/gcc_64/lib/libQt6Svg.prl
2026-05-27 21:24:17,679 - aqt.updater - INFO - updater 140312598432640 Patching /home/runner/work/aide/Qt/6.8.3/gcc_64/lib/libQt6ExampleIcons.prl
2026-05-27 21:24:17,679 - aqt.updater - INFO - updater 140312598432640 Patching /home/runner/work/aide/Qt/6.8.3/gcc_64/lib/libQt6QmlMeta.prl
2026-05-27 21:24:17,679 - aqt.updater - INFO - updater 140312598432640 Patching /home/runner/work/aide/Qt/6.8.3/gcc_64/lib/libQt6QuickParticles.prl
2026-05-27 21:24:17,680 - aqt.updater - INFO - updater 140312598432640 Patching /home/runner/work/aide/Qt/6.8.3/gcc_64/lib/libQt6QmlModels.prl
2026-05-27 21:24:17,680 - aqt.updater - INFO - updater 140312598432640 Patching /home/runner/work/aide/Qt/6.8.3/gcc_64/lib/libQt6KmsSupport.prl
2026-05-27 21:24:17,680 - aqt.updater - INFO - updater 140312598432640 Patching /home/runner/work/aide/Qt/6.8.3/gcc_64/lib/libQt6QuickControls2FluentWinUI3StyleImpl.prl
2026-05-27 21:24:17,680 - aqt.updater - INFO - updater 140312598432640 Patching /home/runner/work/aide/Qt/6.8.3/gcc_64/lib/libQt6QmlToolingSettings.prl
2026-05-27 21:24:17,681 - aqt.updater - INFO - updater 140312598432640 Patching /home/runner/work/aide/Qt/6.8.3/gcc_64/lib/libQt6QuickControls2UniversalStyleImpl.prl
2026-05-27 21:24:17,681 - aqt.updater - INFO - updater 140312598432640 Patching /home/runner/work/aide/Qt/6.8.3/gcc_64/lib/libQt6Test.prl
2026-05-27 21:24:17,681 - aqt.updater - INFO - updater 140312598432640 Patching /home/runner/work/aide/Qt/6.8.3/gcc_64/lib/libQt6DeviceDiscoverySupport.prl
2026-05-27 21:24:17,681 - aqt.updater - INFO - updater 140312598432640 Patching /home/runner/work/aide/Qt/6.8.3/gcc_64/lib/libQt6QuickControls2Universal.prl
2026-05-27 21:24:17,682 - aqt.updater - INFO - updater 140312598432640 Patching /home/runner/work/aide/Qt/6.8.3/gcc_64/lib/libQt6Designer.prl
2026-05-27 21:24:17,682 - aqt.updater - INFO - updater 140312598432640 Patching /home/runner/work/aide/Qt/6.8.3/gcc_64/lib/libQt6Help.prl
2026-05-27 21:24:17,682 - aqt.updater - INFO - updater 140312598432640 Patching /home/runner/work/aide/Qt/6.8.3/gcc_64/lib/libQt6EglFsKmsGbmSupport.prl
2026-05-27 21:24:17,682 - aqt.updater - INFO - updater 140312598432640 Patching /home/runner/work/aide/Qt/6.8.3/gcc_64/lib/libQt6InputSupport.prl
2026-05-27 21:24:17,682 - aqt.updater - INFO - updater 140312598432640 Patching /home/runner/work/aide/Qt/6.8.3/gcc_64/lib/libQt6QuickDialogs2QuickImpl.prl
2026-05-27 21:24:17,683 - aqt.updater - INFO - updater 140312598432640 Patching /home/runner/work/aide/Qt/6.8.3/gcc_64/lib/libQt6QuickTest.prl
2026-05-27 21:24:17,683 - aqt.updater - INFO - updater 140312598432640 Patching /home/runner/work/aide/Qt/6.8.3/gcc_64/lib/libQt6Quick.prl
2026-05-27 21:24:17,683 - aqt.updater - INFO - updater 140312598432640 Patching /home/runner/work/aide/Qt/6.8.3/gcc_64/lib/libQt6QmlNetwork.prl
2026-05-27 21:24:17,683 - aqt.updater - INFO - updater 140312598432640 Patching /home/runner/work/aide/Qt/6.8.3/gcc_64/lib/libQt6OpenGL.prl
2026-05-27 21:24:17,684 - aqt.updater - INFO - updater 140312598432640 Patching /home/runner/work/aide/Qt/6.8.3/gcc_64/lib/libQt6Concurrent.prl
2026-05-27 21:24:17,684 - aqt.updater - INFO - updater 140312598432640 Patching /home/runner/work/aide/Qt/6.8.3/gcc_64/lib/libQt6UiTools.prl
2026-05-27 21:24:17,684 - aqt.updater - INFO - updater 140312598432640 Patching /home/runner/work/aide/Qt/6.8.3/gcc_64/lib/libQt6QuickVectorImageGenerator.prl
2026-05-27 21:24:17,684 - aqt.updater - INFO - updater 140312598432640 Patching /home/runner/work/aide/Qt/6.8.3/gcc_64/lib/libQt6QuickControls2Imagine.prl
2026-05-27 21:24:17,685 - aqt.updater - INFO - updater 140312598432640 Patching /home/runner/work/aide/Qt/6.8.3/gcc_64/lib/libQt6QuickEffects.prl
2026-05-27 21:24:17,685 - aqt.updater - INFO - updater 140312598432640 Patching /home/runner/work/aide/Qt/6.8.3/gcc_64/lib/libQt6QmlDom.prl
2026-05-27 21:24:17,685 - aqt.updater - INFO - updater 140312598432640 Patching /home/runner/work/aide/Qt/6.8.3/gcc_64/lib/libQt6LabsQmlModels.prl
2026-05-27 21:24:17,685 - aqt.updater - INFO - updater 140312598432640 Patching /home/runner/work/aide/Qt/6.8.3/gcc_64/lib/libQt6PrintSupport.prl
2026-05-27 21:24:17,685 - aqt.updater - INFO - updater 140312598432640 Patching /home/runner/work/aide/Qt/6.8.3/gcc_64/lib/libQt6WlShellIntegration.prl
2026-05-27 21:24:17,686 - aqt.updater - INFO - updater 140312598432640 Patching /home/runner/work/aide/Qt/6.8.3/gcc_64/lib/libQt6Sql.prl
2026-05-27 21:24:17,686 - aqt.updater - INFO - updater 140312598432640 Patching /home/runner/work/aide/Qt/6.8.3/gcc_64/lib/libQt6PacketProtocol.prl
2026-05-27 21:24:17,686 - aqt.updater - INFO - updater 140312598432640 Patching /home/runner/work/aide/Qt/6.8.3/gcc_64/lib/libQt6QuickControls2FusionStyleImpl.prl
2026-05-27 21:24:17,686 - aqt.main - INFO - installer 140312598432640 Finished installation
2026-05-27 21:24:17,687 - aqt.main - INFO - installer 140312598432640 Time elapsed: 17.99965580 second
